// Jest Snapshot v1, https://goo.gl/fbAQLP

exports[`should render ExpenseListItem with first expense 1`] = `
<div>
  <Link
    replace={false}
    to="edit/1"
  >
    <h3>
      Gum
    </h3>
  </Link>
  <h3>
    $1.95
    -
    December 31st, 1969
  </h3>
</div>
`;
